[2026-08-07 01:22:04] letters requested: J, K, L, M, N, O, P, Q, R
[2026-08-07 01:22:04] mechanism: POST /sebiweb/ajax/other/getintmfpiinfo.jsp inside Playwright session; p1 next=s&doDirect=-1&nextValue=1; page k>1 next=n&doDirect=k-1&nextValue=1; alp param: 0-9 -> A1, letters map to themselves
[2026-08-07 01:22:06] page loaded, session established
[2026-08-07 01:22:06]   letter J: reported 27 records across 2 page(s) [p1 from fetched]
[2026-08-07 01:22:08]   p2 ok: 26 to 27 of 27 [fetched]
[2026-08-07 01:22:09]   letter K: reported 34 records across 2 page(s) [p1 from fetched]
[2026-08-07 01:22:11]   p2 ok: 26 to 34 of 34 [fetched]
[2026-08-07 01:22:12]   letter L: reported 15 records across 1 page(s) [p1 from fetched]
[2026-08-07 01:22:14]   letter M: reported 72 records across 3 page(s) [p1 from fetched]
[2026-08-07 01:22:16]   p2 ok: 26 to 50 of 72 [fetched]
[2026-08-07 01:22:17]   p3 ok: 51 to 72 of 72 [fetched]
[2026-08-07 01:22:19]   letter N: reported 54 records across 3 page(s) [p1 from fetched]
[2026-08-07 01:22:21]   p2 ok: 26 to 50 of 54 [fetched]
[2026-08-07 01:22:23]   p3 ok: 51 to 54 of 54 [fetched]
[2026-08-07 01:22:24]   letter O: reported 13 records across 1 page(s) [p1 from fetched]
[2026-08-07 01:22:26]   letter P: reported 83 records across 4 page(s) [p1 from fetched]
[2026-08-07 01:22:28]   p2 ok: 26 to 50 of 83 [fetched]
[2026-08-07 01:22:29]   p3 ok: 51 to 75 of 83 [fetched]
[2026-08-07 01:22:31]   p4 ok: 76 to 83 of 83 [fetched]
[2026-08-07 01:22:33]   letter Q: reported 10 records across 1 page(s) [p1 from fetched]
[2026-08-07 01:22:34]   letter R: reported 50 records across 2 page(s) [p1 from fetched]
[2026-08-07 01:22:36]   p2 ok: 26 to 50 of 50 [fetched]
[2026-08-07 01:22:38] letter J: scraped 27 vs reported 27 -> MATCH
[2026-08-07 01:22:38] letter K: scraped 34 vs reported 34 -> MATCH
[2026-08-07 01:22:38] letter L: scraped 15 vs reported 15 -> MATCH
[2026-08-07 01:22:38] letter M: scraped 72 vs reported 72 -> MATCH
[2026-08-07 01:22:38] letter N: scraped 54 vs reported 54 -> MATCH
[2026-08-07 01:22:38] letter O: scraped 13 vs reported 13 -> MATCH
[2026-08-07 01:22:38] letter P: scraped 83 vs reported 83 -> MATCH
[2026-08-07 01:22:38] letter Q: scraped 10 vs reported 10 -> MATCH
[2026-08-07 01:22:38] letter R: scraped 50 vs reported 50 -> MATCH
[2026-08-07 01:22:38] no duplicate registration numbers in scraped set
[2026-08-07 01:22:38] records missing telephone=96 fax=143 email=14 (of 358)
[2026-08-07 01:22:38] wrote 358 records to /Users/aryansinha/sebi-ia-scraper/output/sebi_ia_register_J-R.csv and /Users/aryansinha/sebi-ia-scraper/output/raw_J-R.jsonl
